172.16.167.111 - - [30/Sep/2024:17:07:05 -0500] "GET / HTTP/1.1" 200 543
172.16.167.111 - - [30/Sep/2024:17:07:05 -0500] "GET /assets/index-wmxxH-T6.css HTTP/1.1" 304 -
172.16.167.111 - - [30/Sep/2024:17:07:05 -0500] "GET /assets/vendor-9_UP3w7u.js HTTP/1.1" 200 162189
172.16.167.111 - - [30/Sep/2024:17:07:05 -0500] "GET /vite.svg HTTP/1.1" 304 -
172.16.167.111 - - [30/Sep/2024:17:07:11 -0500] "GET / HTTP/1.1" 304 -
172.16.167.111 - - [30/Sep/2024:17:07:19 -0500] "GET / HTTP/1.1" 304 -
172.16.167.111 - - [30/Sep/2024:17:08:19 -0500] "-" 408 -
172.16.167.111 - - [30/Sep/2024:17:16:52 -0500] "GET / HTTP/1.1" 304 -
172.16.167.111 - - [30/Sep/2024:17:16:52 -0500] "GET /assets/index-5J1kSq1Q.js HTTP/1.1" 200 388954
172.16.167.111 - - [30/Sep/2024:17:16:52 -0500] "GET /assets/logoQLI-Dtl_6Nka.png HTTP/1.1" 200 543
172.16.167.111 - - [30/Sep/2024:17:16:52 -0500] "GET /sounds/click.mp3 HTTP/1.1" 206 543
172.16.167.111 - - [30/Sep/2024:17:17:00 -0500] "GET / HTTP/1.1" 304 -
172.16.167.111 - - [30/Sep/2024:17:17:01 -0500] "GET / HTTP/1.1" 304 -
172.16.167.111 - - [30/Sep/2024:17:18:00 -0500] "-" 408 -
common
common
common
common
common
common
common
common
common
common
common
common
common
common
common
common
common
common
common
common
common
common
common
common
common
common
common
common
common
common
common
common
common
common
common
common
common
common
common
common
common
common
common
common
common
common
common
common
common
common
common
common
common
common
common
common
common
common
common
common
common
common
common
